// Jest Snapshot v1, https://goo.gl/fbAQLP

exports[`Artist Component renders the artist with correct snapshot 1`] = `
{
  "asFragment": [Function],
  "baseElement": <body>
    <div>
      <a
        href="/artist/1"
      >
        <div
          class="flex items-center gap-2 md:gap-4 text-white"
        >
          <img
            alt="Test Artist"
            aria-label="Test Artist"
            class="rounded-full aspect-auto object-cover flex items-center justify-center font-default font-normal text-black text-[24px] md:text-[42px] w-[48px] h-[48px] md:w-[64px] md:h-[64px]"
            height="128"
            role="img"
            src="/images/test-artist.jpg"
            width="128"
          />
          <p
            class="font-default text-[12px]/[18px] text-white md:text-[14px]/[20px] font-normal"
          >
            Test Artist
          </p>
        </div>
      </a>
    </div>
  </body>,
  "container": <div>
    <a
      href="/artist/1"
    >
      <div
        class="flex items-center gap-2 md:gap-4 text-white"
      >
        <img
          alt="Test Artist"
          aria-label="Test Artist"
          class="rounded-full aspect-auto object-cover flex items-center justify-center font-default font-normal text-black text-[24px] md:text-[42px] w-[48px] h-[48px] md:w-[64px] md:h-[64px]"
          height="128"
          role="img"
          src="/images/test-artist.jpg"
          width="128"
        />
        <p
          class="font-default text-[12px]/[18px] text-white md:text-[14px]/[20px] font-normal"
        >
          Test Artist
        </p>
      </div>
    </a>
  </div>,
  "debug": [Function],
  "findAllByAltText": [Function],
  "findAllByDisplayValue": [Function],
  "findAllByLabelText": [Function],
  "findAllByPlaceholderText": [Function],
  "findAllByRole": [Function],
  "findAllByTestId": [Function],
  "findAllByText": [Function],
  "findAllByTitle": [Function],
  "findByAltText": [Function],
  "findByDisplayValue": [Function],
  "findByLabelText": [Function],
  "findByPlaceholderText": [Function],
  "findByRole": [Function],
  "findByTestId": [Function],
  "findByText": [Function],
  "findByTitle": [Function],
  "getAllByAltText": [Function],
  "getAllByDisplayValue": [Function],
  "getAllByLabelText": [Function],
  "getAllByPlaceholderText": [Function],
  "getAllByRole": [Function],
  "getAllByTestId": [Function],
  "getAllByText": [Function],
  "getAllByTitle": [Function],
  "getByAltText": [Function],
  "getByDisplayValue": [Function],
  "getByLabelText": [Function],
  "getByPlaceholderText": [Function],
  "getByRole": [Function],
  "getByTestId": [Function],
  "getByText": [Function],
  "getByTitle": [Function],
  "queryAllByAltText": [Function],
  "queryAllByDisplayValue": [Function],
  "queryAllByLabelText": [Function],
  "queryAllByPlaceholderText": [Function],
  "queryAllByRole": [Function],
  "queryAllByTestId": [Function],
  "queryAllByText": [Function],
  "queryAllByTitle": [Function],
  "queryByAltText": [Function],
  "queryByDisplayValue": [Function],
  "queryByLabelText": [Function],
  "queryByPlaceholderText": [Function],
  "queryByRole": [Function],
  "queryByTestId": [Function],
  "queryByText": [Function],
  "queryByTitle": [Function],
  "rerender": [Function],
  "unmount": [Function],
}
`;
