// Jest Snapshot v1, https://goo.gl/fbAQLP

exports[`App Component renders the Button component with correct text 1`] = `
{
  "asFragment": [Function],
  "baseElement": <body>
    <div>
      <div
        class="w-full h-screen flex flex-col items-center justify-center gap-4"
      >
        <div>
          <img
            alt="Spotify Logo"
            aria-label="Spotify Logo"
            class="w-[114.8px] h-[35px] md:w-[164px] md:h-[50px] block"
            data-testid="logo"
            height="50"
            role="img"
            src="[object Object]"
            title="Spotify"
            width="164"
          />
        </div>
        <p
          class="font-default text-[12px]/[18px] font-medium text-white md:text-[14px]/[20px]"
        >
          Entra com sua conta Spotify clicando no botão abaixo
        </p>
        <a
          href="https://accounts.spotify.com/authorize?client_id=undefined&redirect_uri=undefined&scope=user-read-email user-read-private user-read-playback-state user-modify-playback-state user-read-currently-playing user-read-playback-position user-read-recently-played user-top-read user-library-read user-library-modify playlist-read-private playlist-read-collaborative playlist-modify-private playlist-modify-public streaming user-follow-read user-follow-modify&response_type=token&show_dialog=true"
        >
          <button
            class="bg-[#57B660] text-[#181414] rounded-3xl px-8 h-[32px] font-default text-[14px]/[18px] font-bold md:h-[42px] md:px-10 md:text-base/[20px] focus:outline-none focus:ring-2 focus:ring-offset-2 focus:ring-[#57B660]"
            type="button"
          >
            Entrar
          </button>
        </a>
      </div>
    </div>
  </body>,
  "container": <div>
    <div
      class="w-full h-screen flex flex-col items-center justify-center gap-4"
    >
      <div>
        <img
          alt="Spotify Logo"
          aria-label="Spotify Logo"
          class="w-[114.8px] h-[35px] md:w-[164px] md:h-[50px] block"
          data-testid="logo"
          height="50"
          role="img"
          src="[object Object]"
          title="Spotify"
          width="164"
        />
      </div>
      <p
        class="font-default text-[12px]/[18px] font-medium text-white md:text-[14px]/[20px]"
      >
        Entra com sua conta Spotify clicando no botão abaixo
      </p>
      <a
        href="https://accounts.spotify.com/authorize?client_id=undefined&redirect_uri=undefined&scope=user-read-email user-read-private user-read-playback-state user-modify-playback-state user-read-currently-playing user-read-playback-position user-read-recently-played user-top-read user-library-read user-library-modify playlist-read-private playlist-read-collaborative playlist-modify-private playlist-modify-public streaming user-follow-read user-follow-modify&response_type=token&show_dialog=true"
      >
        <button
          class="bg-[#57B660] text-[#181414] rounded-3xl px-8 h-[32px] font-default text-[14px]/[18px] font-bold md:h-[42px] md:px-10 md:text-base/[20px] focus:outline-none focus:ring-2 focus:ring-offset-2 focus:ring-[#57B660]"
          type="button"
        >
          Entrar
        </button>
      </a>
    </div>
  </div>,
  "debug": [Function],
  "findAllByAltText": [Function],
  "findAllByDisplayValue": [Function],
  "findAllByLabelText": [Function],
  "findAllByPlaceholderText": [Function],
  "findAllByRole": [Function],
  "findAllByTestId": [Function],
  "findAllByText": [Function],
  "findAllByTitle": [Function],
  "findByAltText": [Function],
  "findByDisplayValue": [Function],
  "findByLabelText": [Function],
  "findByPlaceholderText": [Function],
  "findByRole": [Function],
  "findByTestId": [Function],
  "findByText": [Function],
  "findByTitle": [Function],
  "getAllByAltText": [Function],
  "getAllByDisplayValue": [Function],
  "getAllByLabelText": [Function],
  "getAllByPlaceholderText": [Function],
  "getAllByRole": [Function],
  "getAllByTestId": [Function],
  "getAllByText": [Function],
  "getAllByTitle": [Function],
  "getByAltText": [Function],
  "getByDisplayValue": [Function],
  "getByLabelText": [Function],
  "getByPlaceholderText": [Function],
  "getByRole": [Function],
  "getByTestId": [Function],
  "getByText": [Function],
  "getByTitle": [Function],
  "queryAllByAltText": [Function],
  "queryAllByDisplayValue": [Function],
  "queryAllByLabelText": [Function],
  "queryAllByPlaceholderText": [Function],
  "queryAllByRole": [Function],
  "queryAllByTestId": [Function],
  "queryAllByText": [Function],
  "queryAllByTitle": [Function],
  "queryByAltText": [Function],
  "queryByDisplayValue": [Function],
  "queryByLabelText": [Function],
  "queryByPlaceholderText": [Function],
  "queryByRole": [Function],
  "queryByTestId": [Function],
  "queryByText": [Function],
  "queryByTitle": [Function],
  "rerender": [Function],
  "unmount": [Function],
}
`;
